<html>
<body>
<pre>
<h1>µVision Build Log</h1>
<h2>Project:</h2>
C:\Users\majka\OneDrive\Pulpit\PPSW-git\git\PRZERWANIA_final\przerwania_final.uvproj
Project File Date:  06/09/2026

<h2>Output:</h2>
Build target 'Target 1'
assembling Startup.s...
compiling main.c...
compiling led.c...
compiling timer_interrupts.c...
compiling keyboard.c...
linking...
Program Size: Code=1628 RO-data=32 RW-data=12 ZI-data=1260  
FromELF: creating hex file...
".\przerwania_final.axf" - 0 Errors, 0 Warning(s).
Clean started: Project: 'przerwania_final'
   deleting intermediate output files for target 'Target 1'
